../Core/Src/oled.c:121:6:OLED_print_lidClose	16	static
../Core/Src/oled.c:139:6:OLED_print_lidOpen	16	static
../Core/Src/oled.c:157:6:OLED_ClrScr	16	static
../Core/Src/oled.c:179:6:OLED_FillWhite	16	static
../Core/Src/oled.c:201:6:SSD1306_Init	8	static
../Core/Src/oled.c:233:6:OLED_WriteData	16	static
../Core/Src/oled.c:242:6:OLED_WriteCMD	16	static
../Core/Src/oled.c:251:6:I2C_send_byte	24	static
../Core/Src/oled.c:259:6:I2C_stop	16	static
../Core/Src/oled.c:265:6:I2C_send_addr	32	static
../Core/Src/oled.c:280:6:I2C_start	16	static
../Core/Src/oled.c:295:6:I2C_Init	48	static
