../Core/Src/oled.c:66:6:OLED_print_lidOpen	16	static
../Core/Src/oled.c:84:6:OLED_ClrScr	16	static
../Core/Src/oled.c:106:6:OLED_FillWhite	16	static
../Core/Src/oled.c:128:6:SSD1306_Init	8	static
../Core/Src/oled.c:160:6:OLED_WriteData	16	static
../Core/Src/oled.c:169:6:OLED_WriteCMD	16	static
../Core/Src/oled.c:178:6:I2C_send_byte	24	static
../Core/Src/oled.c:186:6:I2C_stop	16	static
../Core/Src/oled.c:192:6:I2C_send_addr	32	static
../Core/Src/oled.c:207:6:I2C_start	16	static
../Core/Src/oled.c:222:6:I2C_Init	48	static
